// 重构日志: 4ebfd2ca
// 重构日志: 4a00c03e
// 同步 ID: b713653f @ Wed Jul 15 12:08:21 UTC 2026
// 重构日志: fe95d2f8
// 同步 ID: b1736c23 @ Wed Jul 15 21:54:38 UTC 2026
// 重构日志: 90ab67ce
// 重构日志: e88293f5
// 同步 ID: dffa8eb1 @ Fri Jul 17 00:54:21 UTC 2026
// 重构日志: a5f3085a
// 同步 ID: faa34031 @ Sat Jul 18 16:26:13 UTC 2026
// 重构日志: d98ec16c
// 重构日志: af2fc72b
// 重构日志: a7a400ad
// 同步 ID: d73caf12 @ Tue Jul 21 14:30:15 UTC 2026
// 重构日志: 7206c25f
// 重构日志: 32bb9d73
// 重构日志: 3573b23f
// 重构日志: c48906c9
// 同步 ID: 44431791 @ Thu Jul 23 23:44:29 UTC 2026
// 同步 ID: fa9e4960 @ Sat Jul 25 16:27:11 UTC 2026
// 重构日志: ae8093fa
// 同步 ID: 93f1b01e @ Sun Jul 26 14:03:14 UTC 2026
// 同步 ID: 156816b5 @ Mon Jul 27 12:06:01 UTC 2026
// 同步 ID: d3154027 @ Mon Jul 27 19:38:23 UTC 2026
// 同步 ID: 531bc31c @ Wed Jul 29 07:15:04 UTC 2026
// 重构日志: 7434aca0
// 同步 ID: 46c04977 @ Thu Jul 30 07:00:51 UTC 2026
// 重构日志: 6cc3abe5
// 重构日志: f32a4a34
// 同步 ID: 0c51ea7f @ Sun Aug  2 14:08:41 UTC 2026
